---
- :line: add --all; commit -m "tmp"
  :commands:
  - !ruby/object:Gitsh::Command::End
    arguments:
    - add
    - "--all"
  - !ruby/object:Gitsh::Command::End
    arguments:
    - commit
    - "-m"
    - tmp
- :line: add --all || commit -m "tmp"
  :commands:
  - !ruby/object:Gitsh::Command::End
    arguments:
    - add
    - "--all"
  - !ruby/object:Gitsh::Command::Or
    arguments:
    - commit
    - "-m"
    - tmp
- :line: add --all && commit -m "tmp"
  :commands:
  - !ruby/object:Gitsh::Command::End
    arguments:
    - add
    - "--all"
  - !ruby/object:Gitsh::Command::And
    arguments:
    - commit
    - "-m"
    - tmp
